// Vitest Snapshot v1, https://vitest.dev/guide/snapshot.html

exports[`Interpreter Sample - arithmetic > should produce the expected output 1`] = `
"--- Running main function ---
1 + 2: 3
5 - 3: 2
4 * 6: 24
10 / 2: 5
11 / 3: 3
10 % 3: 1
-5: -5
2 + 3 * 4: 14
(2 + 3) * 4: 20
--- main function finished ---"
`;

exports[`Interpreter Sample - arithmetic should produce the expected output 1`] = `
"--- Running main function ---
1 + 2: 3
5 - 3: 2
4 * 6: 24
10 / 2: 5
11 / 3: 3
10 % 3: 1
-5: -5
2 + 3 * 4: 14
(2 + 3) * 4: 20
--- main function finished ---"
`;
